#-----------------------------------------------------------
# Vivado v2023.2 (64-bit)
# SW Build 4029153 on Fri Oct 13 20:14:34 MDT 2023
# IP Build 4028589 on Sat Oct 14 00:45:43 MDT 2023
# SharedData Build 4025554 on Tue Oct 10 17:18:54 MDT 2023
# Start of session at: Sat Jan 13 16:02:16 2024
# Process ID: 7980
# Current directory: C:/Digital_Sys_Design/vga_sprites/vga_sprites.runs/cat64x128_blk_mem_gen_0_0_synth_1
# Command line: vivado.exe -log cat64x128_blk_mem_gen_0_0.vds -product Vivado -mode batch -messageDb vivado.pb -notrace -source cat64x128_blk_mem_gen_0_0.tcl
# Log file: C:/Digital_Sys_Design/vga_sprites/vga_sprites.runs/cat64x128_blk_mem_gen_0_0_synth_1/cat64x128_blk_mem_gen_0_0.vds
# Journal file: C:/Digital_Sys_Design/vga_sprites/vga_sprites.runs/cat64x128_blk_mem_gen_0_0_synth_1\vivado.jou
# Running On: LAPTOP-RQPNV6GP, OS: Windows, CPU Frequency: 2895 MHz, CPU Physical cores: 16, Host memory: 33737 MB
#-----------------------------------------------------------
source cat64x128_blk_mem_gen_0_0.tcl -notrace
